
> customer@0.0.0 build
> vite build

[36mvite v8.0.8 [32mbuilding client environment for production...[36m[39m
[2K
transforming...Γ£ô 33 modules transformed.
rendering chunks...
computing gzip size...
dist/index.html                                  0.62 kB Γöé gzip:  0.40 kB
dist/assets/maximshardwarelogo-ClXxUbBr.png     45.24 kB
dist/assets/lumber-yG5BgNMy.png                815.33 kB
dist/assets/tool_background-CaB8HyL4.png       891.27 kB
dist/assets/footer_bg-Dz_ULnGT.png           1,148.45 kB
dist/assets/index-CGh2mOQU.css                  32.75 kB Γöé gzip:  6.80 kB
dist/assets/index-BDvFzc0A.js                  302.24 kB Γöé gzip: 85.51 kB

[32mΓ£ô built in 2.38s[39m
